0 verbose cli C:\Program Files\nodejs\node.exe C:\Program Files\nodejs\node_modules\npm\bin\npm-cli.js
1 info using npm@10.8.2
2 info using node@v20.20.2
3 silly config load:file:C:\Program Files\nodejs\node_modules\npm\npmrc
4 silly config load:file:C:\Users\TCC\OneDrive\Documentos\GitHub\mybot2\.npmrc
5 silly config load:file:C:\Users\selma\.npmrc
6 silly config load:file:C:\Users\selma\AppData\Roaming\npm\etc\npmrc
7 verbose title npm install
8 verbose argv "install" "--package-lock-only" "--ignore-scripts"
9 verbose logfile logs-max:10 dir:C:\Users\TCC\OneDrive\Documentos\GitHub\mybot2\.npm-cache\_logs\2026-09-24T18_08_54_232Z-
10 verbose logfile C:\Users\TCC\OneDrive\Documentos\GitHub\mybot2\.npm-cache\_logs\2026-09-24T18_08_54_232Z-debug-0.log
11 silly packumentCache heap:2053111808 maxSize:513277952 maxEntrySize:256638976
12 silly logfile done cleaning log files
13 silly idealTree buildDeps
14 silly fetch manifest web-push@3.6.7
15 silly packumentCache full:https://registry.npmjs.org/web-push cache-miss
16 http fetch GET 200 https://registry.npmjs.org/web-push 292ms (cache miss)
17 silly packumentCache full:https://registry.npmjs.org/web-push set size:undefined disposed:false
18 silly placeDep ROOT web-push@3.6.7 OK for: bot1@1.0.0 want: 3.6.7
19 silly fetch manifest asn1.js@^5.3.0
20 silly packumentCache full:https://registry.npmjs.org/asn1.js cache-miss
21 http fetch GET 200 https://registry.npmjs.org/npm 777ms
22 http fetch GET 200 https://registry.npmjs.org/asn1.js 146ms (cache miss)
23 silly packumentCache full:https://registry.npmjs.org/asn1.js set size:undefined disposed:false
24 silly fetch manifest http_ece@1.2.0
25 silly packumentCache full:https://registry.npmjs.org/http_ece cache-miss
26 http fetch GET 200 https://registry.npmjs.org/http_ece 394ms (cache miss)
27 silly packumentCache full:https://registry.npmjs.org/http_ece set size:undefined disposed:false
28 silly fetch manifest https-proxy-agent@^7.0.0
29 silly packumentCache full:https://registry.npmjs.org/https-proxy-agent cache-miss
30 http fetch GET 200 https://registry.npmjs.org/https-proxy-agent 83ms (cache miss)
31 silly packumentCache full:https://registry.npmjs.org/https-proxy-agent set size:undefined disposed:false
32 silly fetch manifest jws@^4.0.0
33 silly packumentCache full:https://registry.npmjs.org/jws cache-miss
34 http fetch GET 200 https://registry.npmjs.org/jws 93ms (cache miss)
35 silly packumentCache full:https://registry.npmjs.org/jws set size:undefined disposed:false
36 silly fetch manifest minimist@^1.2.5
37 silly packumentCache full:https://registry.npmjs.org/minimist cache-miss
38 http fetch GET 200 https://registry.npmjs.org/minimist 81ms (cache miss)
39 silly packumentCache full:https://registry.npmjs.org/minimist set size:undefined disposed:false
40 silly placeDep ROOT asn1.js@5.4.1 OK for: web-push@3.6.7 want: ^5.3.0
41 silly placeDep ROOT http_ece@1.2.0 OK for: web-push@3.6.7 want: 1.2.0
42 silly placeDep node_modules/web-push https-proxy-agent@7.0.6 OK for: web-push@3.6.7 want: ^7.0.0
43 silly placeDep ROOT jws@4.0.1 OK for: web-push@3.6.7 want: ^4.0.0
44 silly placeDep ROOT minimist@1.2.8 OK for: web-push@3.6.7 want: ^1.2.5
45 silly fetch manifest bn.js@^4.0.0
46 silly packumentCache full:https://registry.npmjs.org/bn.js cache-miss
47 http fetch GET 200 https://registry.npmjs.org/bn.js 95ms (cache miss)
48 silly packumentCache full:https://registry.npmjs.org/bn.js set size:undefined disposed:false
49 silly fetch manifest minimalistic-assert@^1.0.0
50 silly packumentCache full:https://registry.npmjs.org/minimalistic-assert cache-miss
51 http fetch GET 200 https://registry.npmjs.org/minimalistic-assert 80ms (cache miss)
52 silly packumentCache full:https://registry.npmjs.org/minimalistic-assert set size:undefined disposed:false
53 silly fetch manifest agent-base@^7.1.2
54 silly packumentCache full:https://registry.npmjs.org/agent-base cache-miss
55 http fetch GET 200 https://registry.npmjs.org/agent-base 94ms (cache miss)
56 silly packumentCache full:https://registry.npmjs.org/agent-base set size:undefined disposed:false
57 silly fetch manifest jwa@^2.0.1
58 silly packumentCache full:https://registry.npmjs.org/jwa cache-miss
59 http fetch GET 200 https://registry.npmjs.org/jwa 84ms (cache miss)
60 silly packumentCache full:https://registry.npmjs.org/jwa set size:undefined disposed:false
61 silly placeDep ROOT bn.js@4.12.5 OK for: asn1.js@5.4.1 want: ^4.0.0
62 silly placeDep ROOT minimalistic-assert@1.0.1 OK for: asn1.js@5.4.1 want: ^1.0.0
63 silly placeDep ROOT jwa@2.0.1 OK for: jws@4.0.1 want: ^2.0.1
64 silly fetch manifest ecdsa-sig-formatter@1.0.11
65 silly packumentCache full:https://registry.npmjs.org/ecdsa-sig-formatter cache-miss
66 http fetch GET 200 https://registry.npmjs.org/ecdsa-sig-formatter 78ms (cache miss)
67 silly packumentCache full:https://registry.npmjs.org/ecdsa-sig-formatter set size:undefined disposed:false
68 silly fetch manifest buffer-equal-constant-time@^1.0.1
69 silly packumentCache full:https://registry.npmjs.org/buffer-equal-constant-time cache-miss
70 http fetch GET 200 https://registry.npmjs.org/buffer-equal-constant-time 73ms (cache miss)
71 silly packumentCache full:https://registry.npmjs.org/buffer-equal-constant-time set size:undefined disposed:false
72 silly placeDep ROOT buffer-equal-constant-time@1.0.1 OK for: jwa@2.0.1 want: ^1.0.1
73 silly placeDep ROOT ecdsa-sig-formatter@1.0.11 OK for: jwa@2.0.1 want: 1.0.11
74 silly placeDep node_modules/web-push agent-base@7.1.4 OK for: https-proxy-agent@7.0.6 want: ^7.1.2
75 silly audit bulk request {
75 silly audit   '@borewit/text-codec': [ '0.2.2' ],
75 silly audit   '@cacheable/memory': [ '2.2.0' ],
75 silly audit   '@cacheable/node-cache': [ '1.7.6' ],
75 silly audit   '@cacheable/utils': [ '2.5.0' ],
75 silly audit   '@emnapi/runtime': [ '1.11.3' ],
75 silly audit   '@hapi/boom': [ '9.1.4' ],
75 silly audit   '@hapi/hoek': [ '9.3.0' ],
75 silly audit   '@img/colour': [ '1.1.0' ],
75 silly audit   '@img/sharp-darwin-arm64': [ '0.35.3' ],
75 silly audit   '@img/sharp-darwin-x64': [ '0.35.3' ],
75 silly audit   '@img/sharp-freebsd-wasm32': [ '0.35.3' ],
75 silly audit   '@img/sharp-libvips-darwin-arm64': [ '1.3.2' ],
75 silly audit   '@img/sharp-libvips-darwin-x64': [ '1.3.2' ],
75 silly audit   '@img/sharp-libvips-linux-arm': [ '1.3.2' ],
75 silly audit   '@img/sharp-libvips-linux-arm64': [ '1.3.2' ],
75 silly audit   '@img/sharp-libvips-linux-ppc64': [ '1.3.2' ],
75 silly audit   '@img/sharp-libvips-linux-riscv64': [ '1.3.2' ],
75 silly audit   '@img/sharp-libvips-linux-s390x': [ '1.3.2' ],
75 silly audit   '@img/sharp-libvips-linux-x64': [ '1.3.2' ],
75 silly audit   '@img/sharp-libvips-linuxmusl-arm64': [ '1.3.2' ],
75 silly audit   '@img/sharp-libvips-linuxmusl-x64': [ '1.3.2' ],
75 silly audit   '@img/sharp-linux-arm': [ '0.35.3' ],
75 silly audit   '@img/sharp-linux-arm64': [ '0.35.3' ],
75 silly audit   '@img/sharp-linux-ppc64': [ '0.35.3' ],
75 silly audit   '@img/sharp-linux-riscv64': [ '0.35.3' ],
75 silly audit   '@img/sharp-linux-s390x': [ '0.35.3' ],
75 silly audit   '@img/sharp-linux-x64': [ '0.35.3' ],
75 silly audit   '@img/sharp-linuxmusl-arm64': [ '0.35.3' ],
75 silly audit   '@img/sharp-linuxmusl-x64': [ '0.35.3' ],
75 silly audit   '@img/sharp-wasm32': [ '0.35.3' ],
75 silly audit   '@img/sharp-webcontainers-wasm32': [ '0.35.3' ],
75 silly audit   '@img/sharp-win32-arm64': [ '0.35.3' ],
75 silly audit   '@img/sharp-win32-ia32': [ '0.35.3' ],
75 silly audit   '@img/sharp-win32-x64': [ '0.35.3' ],
75 silly audit   '@keyv/bigmap': [ '1.3.1' ],
75 silly audit   '@keyv/serialize': [ '1.1.1' ],
75 silly audit   '@protobufjs/aspromise': [ '1.1.2' ],
75 silly audit   '@protobufjs/base64': [ '1.1.2' ],
75 silly audit   '@protobufjs/codegen': [ '2.0.5' ],
75 silly audit   '@protobufjs/eventemitter': [ '1.1.1' ],
75 silly audit   '@protobufjs/fetch': [ '1.1.1' ],
75 silly audit   '@protobufjs/float': [ '1.0.2' ],
75 silly audit   '@protobufjs/path': [ '1.1.2' ],
75 silly audit   '@protobufjs/pool': [ '1.1.0' ],
75 silly audit   '@protobufjs/utf8': [ '1.1.2' ],
75 silly audit   '@tokenizer/inflate': [ '0.4.1' ],
75 silly audit   '@tokenizer/token': [ '0.3.0' ],
75 silly audit   '@types/node': [ '26.2.0' ],
75 silly audit   '@whiskeysockets/baileys': [ '6.7.24' ],
75 silly audit   accepts: [ '1.3.8' ],
75 silly audit   'agent-base': [ '6.0.2', '7.1.4' ],
75 silly audit   'array-flatten': [ '1.1.1' ],
75 silly audit   'async-mutex': [ '0.5.0' ],
75 silly audit   asynckit: [ '0.4.0' ],
75 silly audit   'atomic-sleep': [ '1.0.0' ],
75 silly audit   axios: [ '1.19.0' ],
75 silly audit   'body-parser': [ '1.20.5' ],
75 silly audit   debug: [ '2.6.9', '4.4.3' ],
75 silly audit   ms: [ '2.0.0', '2.1.3' ],
75 silly audit   bytes: [ '3.1.2' ],
75 silly audit   cacheable: [ '2.5.0' ],
75 silly audit   'call-bind-apply-helpers': [ '1.0.2' ],
75 silly audit   'call-bound': [ '1.0.4' ],
75 silly audit   camelcase: [ '5.3.1' ],
75 silly audit   cliui: [ '6.0.0' ],
75 silly audit   'ansi-regex': [ '5.0.1' ],
75 silly audit   'ansi-styles': [ '4.3.0' ],
75 silly audit   'emoji-regex': [ '8.0.0' ],
75 silly audit   'string-width': [ '4.2.3' ],
75 silly audit   'strip-ansi': [ '6.0.1' ],
75 silly audit   'wrap-ansi': [ '6.2.0' ],
75 silly audit   'color-convert': [ '2.0.1' ],
75 silly audit   'color-name': [ '1.1.4' ],
75 silly audit   'combined-stream': [ '1.0.8' ],
75 silly audit   'content-disposition': [ '0.5.4' ],
75 silly audit   'content-type': [ '1.0.5', '2.0.0' ],
75 silly audit   cookie: [ '0.7.2' ],
75 silly audit   'cookie-signature': [ '1.0.7' ],
75 silly audit   cors: [ '2.8.6' ],
75 silly audit   'curve25519-js': [ '0.0.4' ],
75 silly audit   decamelize: [ '1.2.0' ],
75 silly audit   'delayed-stream': [ '1.0.0' ],
75 silly audit   depd: [ '2.0.0' ],
75 silly audit   destroy: [ '1.2.0' ],
75 silly audit   'detect-libc': [ '2.1.2' ],
75 silly audit   dijkstrajs: [ '1.0.3' ],
75 silly audit   dotenv: [ '17.4.2' ],
75 silly audit   'dunder-proto': [ '1.0.1' ],
75 silly audit   'ee-first': [ '1.1.1' ],
75 silly audit   encodeurl: [ '2.0.0' ],
75 silly audit   'es-define-property': [ '1.0.1' ],
75 silly audit   'es-errors': [ '1.3.0' ],
75 silly audit   'es-object-atoms': [ '1.1.2' ],
75 silly audit   'es-set-tostringtag': [ '2.1.0' ],
75 silly audit   'escape-html': [ '1.0.3' ],
75 silly audit   etag: [ '1.8.1' ],
75 silly audit   express: [ '4.22.2' ],
75 silly audit   'fast-redact': [ '3.5.0' ],
75 silly audit   'file-type': [ '21.3.4' ],
75 silly audit   finalhandler: [ '1.3.2' ],
75 silly audit   'find-up': [ '4.1.0' ],
75 silly audit   'follow-redirects': [ '1.16.0' ],
75 silly audit   'form-data': [ '4.0.6' ],
75 silly audit   forwarded: [ '0.2.0' ],
75 silly audit   fresh: [ '0.5.2' ],
75 silly audit   'function-bind': [ '1.1.2' ],
75 silly audit   'get-caller-file': [ '2.0.5' ],
75 silly audit   'get-intrinsic': [ '1.3.0' ],
75 silly audit   'get-proto': [ '1.0.1' ],
75 silly audit   gopd: [ '1.2.0' ],
75 silly audit   'has-symbols': [ '1.1.0' ],
75 silly audit   'has-tostringtag': [ '1.0.2' ],
75 silly audit   hashery: [ '1.5.1' ],
75 silly audit   hasown: [ '2.0.4' ],
75 silly audit   hookified: [ '1.15.1', '2.2.0' ],
75 silly audit   'http-errors': [ '2.0.1' ],
75 silly audit   'https-proxy-agent': [ '5.0.1', '7.0.6' ],
75 silly audit   'iconv-lite': [ '0.4.24' ],
75 silly audit   ieee754: [ '1.2.1' ],
75 silly audit   inherits: [ '2.0.4' ],
75 silly audit   'ipaddr.js': [ '1.9.1' ],
75 silly audit   'is-fullwidth-code-point': [ '3.0.0' ],
75 silly audit   keyv: [ '5.6.0' ],
75 silly audit   libsignal: [ '6.0.0' ],
75 silly audit   'locate-path': [ '5.0.0' ],
75 silly audit   long: [ '5.3.2' ],
75 silly audit   'math-intrinsics': [ '1.1.0' ],
75 silly audit   'media-typer': [ '0.3.0', '2.0.0' ],
75 silly audit   mercadopago: [ '3.2.1' ],
75 silly audit   'merge-descriptors': [ '1.0.3' ],
75 silly audit   methods: [ '1.1.2' ],
75 silly audit   'mime-db': [ '1.52.0' ],
75 silly audit   'mime-types': [ '2.1.35' ],
75 silly audit   'music-metadata': [ '11.14.0' ],
75 silly audit   negotiator: [ '0.6.3' ],
75 silly audit   'object-assign': [ '4.1.1' ],
75 silly audit   'object-inspect': [ '1.13.4' ],
75 silly audit   'on-exit-leak-free': [ '2.1.2' ],
75 silly audit   'on-finished': [ '2.4.1' ],
75 silly audit   'p-limit': [ '2.3.0' ],
75 silly audit   'p-locate': [ '4.1.0' ],
75 silly audit   'p-try': [ '2.2.0' ],
75 silly audit   parseurl: [ '1.3.3' ],
75 silly audit   'path-exists': [ '4.0.0' ],
75 silly audit   'path-to-regexp': [ '0.1.13' ],
75 silly audit   pino: [ '9.7.0' ],
75 silly audit   'pino-abstract-transport': [ '2.0.0' ],
75 silly audit   'pino-std-serializers': [ '7.1.0' ],
75 silly audit   pngjs: [ '5.0.0' ],
75 silly audit   'process-warning': [ '5.1.0' ],
75 silly audit   protobufjs: [ '7.6.5' ],
75 silly audit   'proxy-addr': [ '2.0.7' ],
75 silly audit   'proxy-from-env': [ '2.1.0' ],
75 silly audit   qified: [ '0.10.1' ],
75 silly audit   qrcode: [ '1.5.4' ],
75 silly audit   qs: [ '6.15.2' ],
75 silly audit   'quick-format-unescaped': [ '4.0.4' ],
75 silly audit   'range-parser': [ '1.2.1' ],
75 silly audit   'raw-body': [ '2.5.3' ],
75 silly audit   'real-require': [ '0.2.0' ],
75 silly audit   'require-directory': [ '2.1.1' ],
75 silly audit   'require-main-filename': [ '2.0.0' ],
75 silly audit   'safe-buffer': [ '5.2.1' ],
75 silly audit   'safe-stable-stringify': [ '2.5.0' ],
75 silly audit   'safer-buffer': [ '2.1.2' ],
75 silly audit   semver: [ '7.8.5' ],
75 silly audit   send: [ '0.19.2' ],
75 silly audit   mime: [ '1.6.0' ],
75 silly audit   'serve-static': [ '1.16.3' ],
75 silly audit   'set-blocking': [ '2.0.0' ],
75 silly audit   setprototypeof: [ '1.2.0' ],
75 silly audit   sharp: [ '0.35.3' ],
75 silly audit   'side-channel': [ '1.1.1' ],
75 silly audit   'side-channel-list': [ '1.0.1' ],
75 silly audit   'side-channel-map': [ '1.0.1' ],
75 silly audit   'side-channel-weakmap': [ '1.0.2' ],
75 silly audit   'sonic-boom': [ '4.2.1' ],
75 silly audit   split2: [ '4.2.0' ],
75 silly audit   statuses: [ '2.0.2' ],
75 silly audit   strtok3: [ '10.3.5' ],
75 silly audit   'thread-stream': [ '3.2.0' ],
75 silly audit   toidentifier: [ '1.0.1' ],
75 silly audit   'token-types': [ '6.1.2' ],
75 silly audit   tslib: [ '2.8.1' ],
75 silly audit   'type-is': [ '1.6.18' ],
75 silly audit   'uint8array-extras': [ '1.5.0' ],
75 silly audit   'undici-types': [ '8.3.0' ],
75 silly audit   unpipe: [ '1.0.0' ],
75 silly audit   'utils-merge': [ '1.0.1' ],
75 silly audit   vary: [ '1.1.2' ],
75 silly audit   'which-module': [ '2.0.1' ],
75 silly audit   'win-guid': [ '0.2.1' ],
75 silly audit   ws: [ '8.21.3' ],
75 silly audit   yargs: [ '15.4.1' ],
75 silly audit   'yargs-parser': [ '18.1.3' ],
75 silly audit   y18n: [ '4.0.3' ],
75 silly audit   'web-push': [ '3.6.7' ],
75 silly audit   'asn1.js': [ '5.4.1' ],
75 silly audit   http_ece: [ '1.2.0' ],
75 silly audit   jws: [ '4.0.1' ],
75 silly audit   minimist: [ '1.2.8' ],
75 silly audit   'bn.js': [ '4.12.5' ],
75 silly audit   'minimalistic-assert': [ '1.0.1' ],
75 silly audit   jwa: [ '2.0.1' ],
75 silly audit   'buffer-equal-constant-time': [ '1.0.1' ],
75 silly audit   'ecdsa-sig-formatter': [ '1.0.11' ]
75 silly audit }
76 http fetch POST 200 https://registry.npmjs.org/-/npm/v1/security/advisories/bulk 582ms
77 silly audit report {
77 silly audit report   'body-parser': [
77 silly audit report     {
77 silly audit report       id: 1123977,
77 silly audit report       url: 'https://github.com/advisories/GHSA-v422-hmwv-36x6',
77 silly audit report       title: 'body-parser vulnerable to denial of service when invalid limit value silently disables size enforcement',
77 silly audit report       severity: 'low',
77 silly audit report       vulnerable_versions: '<1.20.6',
77 silly audit report       cwe: [Array],
77 silly audit report       cvss: [Object]
77 silly audit report     }
77 silly audit report   ],
77 silly audit report   qs: [
77 silly audit report     {
77 silly audit report       id: 1158506,
77 silly audit report       url: 'https://github.com/advisories/GHSA-x5fp-wj9c-mxmx',
77 silly audit report       title: 'qs array-limit bypass via bracket-key comma parsing',
77 silly audit report       severity: 'moderate',
77 silly audit report       vulnerable_versions: '>=6.14.2 <=6.15.3',
77 silly audit report       cwe: [Array],
77 silly audit report       cvss: [Object]
77 silly audit report     },
77 silly audit report     {
77 silly audit report       id: 1158507,
77 silly audit report       url: 'https://github.com/advisories/GHSA-4mjr-xmp4-gh2g',
77 silly audit report       title: 'qs: Denial of Service via Attacker Controlled isBuffer',
77 silly audit report       severity: 'moderate',
77 silly audit report       vulnerable_versions: '>=2.2.5 <6.16.0',
77 silly audit report       cwe: [Array],
77 silly audit report       cvss: [Object]
77 silly audit report     }
77 silly audit report   ],
77 silly audit report   sharp: [
77 silly audit report     {
77 silly audit report       id: 1193725,
77 silly audit report       url: 'https://github.com/advisories/GHSA-rgj7-g3m4-5g8c',
77 silly audit report       title: 'sharp: Vulnerabilities in libheif: GHSA-g89c-p67h-r497 and GHSA-2jg2-4ch7-h545',
77 silly audit report       severity: 'high',
77 silly audit report       vulnerable_versions: '<0.35.4',
77 silly audit report       cwe: [Array],
77 silly audit report       cvss: [Object]
77 silly audit report     }
77 silly audit report   ]
77 silly audit report }
78 silly packumentCache corgi:https://registry.npmjs.org/body-parser cache-miss
79 silly packumentCache corgi:https://registry.npmjs.org/qs cache-miss
80 silly packumentCache corgi:https://registry.npmjs.org/sharp cache-miss
81 http fetch GET 200 https://registry.npmjs.org/body-parser 118ms (cache miss)
82 silly packumentCache corgi:https://registry.npmjs.org/body-parser set size:undefined disposed:false
83 http fetch GET 200 https://registry.npmjs.org/qs 137ms (cache miss)
84 silly packumentCache corgi:https://registry.npmjs.org/qs set size:undefined disposed:false
85 http fetch GET 200 https://registry.npmjs.org/sharp 397ms (cache miss)
86 silly packumentCache corgi:https://registry.npmjs.org/sharp set size:undefined disposed:false
87 silly packumentCache corgi:https://registry.npmjs.org/express cache-miss
88 http fetch GET 200 https://registry.npmjs.org/express 127ms (cache miss)
89 silly packumentCache corgi:https://registry.npmjs.org/express set size:undefined disposed:false
90 silly packumentCache corgi:https://registry.npmjs.org/@whiskeysockets%2fbaileys cache-miss
91 http fetch GET 200 https://registry.npmjs.org/@whiskeysockets%2fbaileys 329ms (cache miss)
92 silly packumentCache corgi:https://registry.npmjs.org/@whiskeysockets%2fbaileys set size:undefined disposed:false
93 verbose cwd C:\Users\TCC\OneDrive\Documentos\GitHub\mybot2
94 verbose os Windows_NT 10.0.26200
95 verbose node v20.20.2
96 verbose npm  v10.8.2
97 notice
97 notice New major version of npm available! 10.8.2 -> 12.1.0
97 notice Changelog: https://github.com/npm/cli/releases/tag/v12.1.0
97 notice To update run: npm install -g npm@12.1.0
97 notice  { force: true, [Symbol(proc-log.meta)]: true }
98 verbose exit 0
99 info ok
